// Jest Snapshot v1, https://goo.gl/fbAQLP

exports[`CurrenciesView component matches snapshot 1`] = `
ShallowWrapper {
  "length": 1,
  Symbol(enzyme.__root__): [Circular],
  Symbol(enzyme.__unrendered__): <CurrenciesView
    error={false}
    fetchCryptoCurrencies={[Function]}
    fetching={false}
/>,
  Symbol(enzyme.__renderer__): Object {
    "batchedUpdates": [Function],
    "getNode": [Function],
    "render": [Function],
    "simulateEvent": [Function],
    "unmount": [Function],
  },
  Symbol(enzyme.__node__): Object {
    "instance": null,
    "key": undefined,
    "nodeType": "class",
    "props": Object {
      "children": <div
        className="main-container"
>
        <Row
                align="middle"
                gutter={0}
                justify="start"
                style={
                        Object {
                                "padding": "20px 30px 0px 20px",
                              }
                }
                type="flex"
        >
                <Col
                        span={16}
                >
                        <Connect(CurrenciesPagination) />
                </Col>
                <Col
                        span={8}
                >
                        <Connect(CurrenciesSearch) />
                </Col>
        </Row>
        <CurrenciesList
                list={undefined}
        />
</div>,
      "prefixCls": "ant-spin",
      "size": "default",
      "spinning": false,
      "tip": "Loading...",
      "wrapperClassName": "",
    },
    "ref": null,
    "rendered": Object {
      "instance": null,
      "key": undefined,
      "nodeType": "host",
      "props": Object {
        "children": Array [
          <Row
            align="middle"
            gutter={0}
            justify="start"
            style={
                        Object {
                                    "padding": "20px 30px 0px 20px",
                                  }
            }
            type="flex"
>
            <Col
                        span={16}
            >
                        <Connect(CurrenciesPagination) />
            </Col>
            <Col
                        span={8}
            >
                        <Connect(CurrenciesSearch) />
            </Col>
</Row>,
          <CurrenciesList
            list={undefined}
/>,
          false,
        ],
        "className": "main-container",
      },
      "ref": null,
      "rendered": Array [
        Object {
          "instance": null,
          "key": undefined,
          "nodeType": "class",
          "props": Object {
            "align": "middle",
            "children": Array [
              <Col
                span={16}
>
                <Connect(CurrenciesPagination) />
</Col>,
              <Col
                span={8}
>
                <Connect(CurrenciesSearch) />
</Col>,
            ],
            "gutter": 0,
            "justify": "start",
            "style": Object {
              "padding": "20px 30px 0px 20px",
            },
            "type": "flex",
          },
          "ref": null,
          "rendered": Array [
            Object {
              "instance": null,
              "key": undefined,
              "nodeType": "class",
              "props": Object {
                "children": <Connect(CurrenciesPagination) />,
                "span": 16,
              },
              "ref": null,
              "rendered": Object {
                "instance": null,
                "key": undefined,
                "nodeType": "class",
                "props": Object {},
                "ref": null,
                "rendered": null,
                "type": [Function],
              },
              "type": [Function],
            },
            Object {
              "instance": null,
              "key": undefined,
              "nodeType": "class",
              "props": Object {
                "children": <Connect(CurrenciesSearch) />,
                "span": 8,
              },
              "ref": null,
              "rendered": Object {
                "instance": null,
                "key": undefined,
                "nodeType": "class",
                "props": Object {},
                "ref": null,
                "rendered": null,
                "type": [Function],
              },
              "type": [Function],
            },
          ],
          "type": [Function],
        },
        Object {
          "instance": null,
          "key": undefined,
          "nodeType": "function",
          "props": Object {
            "list": undefined,
          },
          "ref": null,
          "rendered": null,
          "type": [Function],
        },
        false,
      ],
      "type": "div",
    },
    "type": [Function],
  },
  Symbol(enzyme.__nodes__): Array [
    Object {
      "instance": null,
      "key": undefined,
      "nodeType": "class",
      "props": Object {
        "children": <div
          className="main-container"
>
          <Row
                    align="middle"
                    gutter={0}
                    justify="start"
                    style={
                              Object {
                                        "padding": "20px 30px 0px 20px",
                                      }
                    }
                    type="flex"
          >
                    <Col
                              span={16}
                    >
                              <Connect(CurrenciesPagination) />
                    </Col>
                    <Col
                              span={8}
                    >
                              <Connect(CurrenciesSearch) />
                    </Col>
          </Row>
          <CurrenciesList
                    list={undefined}
          />
</div>,
        "prefixCls": "ant-spin",
        "size": "default",
        "spinning": false,
        "tip": "Loading...",
        "wrapperClassName": "",
      },
      "ref": null,
      "rendered": Object {
        "instance": null,
        "key": undefined,
        "nodeType": "host",
        "props": Object {
          "children": Array [
            <Row
              align="middle"
              gutter={0}
              justify="start"
              style={
                            Object {
                                          "padding": "20px 30px 0px 20px",
                                        }
              }
              type="flex"
>
              <Col
                            span={16}
              >
                            <Connect(CurrenciesPagination) />
              </Col>
              <Col
                            span={8}
              >
                            <Connect(CurrenciesSearch) />
              </Col>
</Row>,
            <CurrenciesList
              list={undefined}
/>,
            false,
          ],
          "className": "main-container",
        },
        "ref": null,
        "rendered": Array [
          Object {
            "instance": null,
            "key": undefined,
            "nodeType": "class",
            "props": Object {
              "align": "middle",
              "children": Array [
                <Col
                  span={16}
>
                  <Connect(CurrenciesPagination) />
</Col>,
                <Col
                  span={8}
>
                  <Connect(CurrenciesSearch) />
</Col>,
              ],
              "gutter": 0,
              "justify": "start",
              "style": Object {
                "padding": "20px 30px 0px 20px",
              },
              "type": "flex",
            },
            "ref": null,
            "rendered": Array [
              Object {
                "instance": null,
                "key": undefined,
                "nodeType": "class",
                "props": Object {
                  "children": <Connect(CurrenciesPagination) />,
                  "span": 16,
                },
                "ref": null,
                "rendered": Object {
                  "instance": null,
                  "key": undefined,
                  "nodeType": "class",
                  "props": Object {},
                  "ref": null,
                  "rendered": null,
                  "type": [Function],
                },
                "type": [Function],
              },
              Object {
                "instance": null,
                "key": undefined,
                "nodeType": "class",
                "props": Object {
                  "children": <Connect(CurrenciesSearch) />,
                  "span": 8,
                },
                "ref": null,
                "rendered": Object {
                  "instance": null,
                  "key": undefined,
                  "nodeType": "class",
                  "props": Object {},
                  "ref": null,
                  "rendered": null,
                  "type": [Function],
                },
                "type": [Function],
              },
            ],
            "type": [Function],
          },
          Object {
            "instance": null,
            "key": undefined,
            "nodeType": "function",
            "props": Object {
              "list": undefined,
            },
            "ref": null,
            "rendered": null,
            "type": [Function],
          },
          false,
        ],
        "type": "div",
      },
      "type": [Function],
    },
  ],
  Symbol(enzyme.__options__): Object {
    "adapter": ReactSixteenAdapter {
      "options": Object {
        "enableComponentDidUpdateOnSetState": true,
      },
    },
  },
}
`;
