// Jest Snapshot v1, https://goo.gl/fbAQLP

exports[`CurrenciesList component matches snapshot 1`] = `
ShallowWrapper {
  "length": 1,
  Symbol(enzyme.__root__): [Circular],
  Symbol(enzyme.__unrendered__): <CurrenciesList
    list={
        Array [
            Object {
              "CoinName": "ACoin",
              "FullName": "Anton",
              "Id": "0",
              "ImageUrl": "/qwe",
              "Symbol": "A",
              "Url": "/0/",
            },
          ]
    }
/>,
  Symbol(enzyme.__renderer__): Object {
    "batchedUpdates": [Function],
    "getNode": [Function],
    "render": [Function],
    "simulateEvent": [Function],
    "unmount": [Function],
  },
  Symbol(enzyme.__node__): Object {
    "instance": null,
    "key": undefined,
    "nodeType": "class",
    "props": Object {
      "children": Array [
        <Col
          span={3}
          style={
                    Object {
                              "margin": "10px 0",
                              "padding": "0",
                            }
          }
>
          <Card
                    cover={
                              <a
                                        href="https://www.cryptocompare.com/0/"
                                        rel="noopener"
                                        target="_blank"
                              >
                                        <img
                                                  alt="Anton"
                                                  src="https://www.cryptocompare.com/qwe"
                                        />
                              </a>
                    }
                    hoverable={true}
                    style={
                              Object {
                                        "textAlign": "center",
                                        "width": 140,
                                      }
                    }
          >
                    <Unknown
                              description="ACoin"
                              title="A"
                    />
          </Card>
</Col>,
      ],
      "gutter": 16,
      "justify": "start",
      "style": Object {
        "margin": "0",
        "padding": "0 20px",
      },
      "type": "flex",
    },
    "ref": null,
    "rendered": Array [
      Object {
        "instance": null,
        "key": "0",
        "nodeType": "class",
        "props": Object {
          "children": <Card
            cover={
                        <a
                                    href="https://www.cryptocompare.com/0/"
                                    rel="noopener"
                                    target="_blank"
                        >
                                    <img
                                                alt="Anton"
                                                src="https://www.cryptocompare.com/qwe"
                                    />
                        </a>
            }
            hoverable={true}
            style={
                        Object {
                                    "textAlign": "center",
                                    "width": 140,
                                  }
            }
>
            <Unknown
                        description="ACoin"
                        title="A"
            />
</Card>,
          "span": 3,
          "style": Object {
            "margin": "10px 0",
            "padding": "0",
          },
        },
        "ref": null,
        "rendered": Object {
          "instance": null,
          "key": undefined,
          "nodeType": "class",
          "props": Object {
            "children": <Unknown
              description="ACoin"
              title="A"
/>,
            "cover": <a
              href="https://www.cryptocompare.com/0/"
              rel="noopener"
              target="_blank"
>
              <img
                            alt="Anton"
                            src="https://www.cryptocompare.com/qwe"
              />
</a>,
            "hoverable": true,
            "style": Object {
              "textAlign": "center",
              "width": 140,
            },
          },
          "ref": null,
          "rendered": Object {
            "instance": null,
            "key": undefined,
            "nodeType": "function",
            "props": Object {
              "description": "ACoin",
              "title": "A",
            },
            "ref": null,
            "rendered": null,
            "type": [Function],
          },
          "type": [Function],
        },
        "type": [Function],
      },
    ],
    "type": [Function],
  },
  Symbol(enzyme.__nodes__): Array [
    Object {
      "instance": null,
      "key": undefined,
      "nodeType": "class",
      "props": Object {
        "children": Array [
          <Col
            span={3}
            style={
                        Object {
                                    "margin": "10px 0",
                                    "padding": "0",
                                  }
            }
>
            <Card
                        cover={
                                    <a
                                                href="https://www.cryptocompare.com/0/"
                                                rel="noopener"
                                                target="_blank"
                                    >
                                                <img
                                                            alt="Anton"
                                                            src="https://www.cryptocompare.com/qwe"
                                                />
                                    </a>
                        }
                        hoverable={true}
                        style={
                                    Object {
                                                "textAlign": "center",
                                                "width": 140,
                                              }
                        }
            >
                        <Unknown
                                    description="ACoin"
                                    title="A"
                        />
            </Card>
</Col>,
        ],
        "gutter": 16,
        "justify": "start",
        "style": Object {
          "margin": "0",
          "padding": "0 20px",
        },
        "type": "flex",
      },
      "ref": null,
      "rendered": Array [
        Object {
          "instance": null,
          "key": "0",
          "nodeType": "class",
          "props": Object {
            "children": <Card
              cover={
                            <a
                                          href="https://www.cryptocompare.com/0/"
                                          rel="noopener"
                                          target="_blank"
                            >
                                          <img
                                                        alt="Anton"
                                                        src="https://www.cryptocompare.com/qwe"
                                          />
                            </a>
              }
              hoverable={true}
              style={
                            Object {
                                          "textAlign": "center",
                                          "width": 140,
                                        }
              }
>
              <Unknown
                            description="ACoin"
                            title="A"
              />
</Card>,
            "span": 3,
            "style": Object {
              "margin": "10px 0",
              "padding": "0",
            },
          },
          "ref": null,
          "rendered": Object {
            "instance": null,
            "key": undefined,
            "nodeType": "class",
            "props": Object {
              "children": <Unknown
                description="ACoin"
                title="A"
/>,
              "cover": <a
                href="https://www.cryptocompare.com/0/"
                rel="noopener"
                target="_blank"
>
                <img
                                alt="Anton"
                                src="https://www.cryptocompare.com/qwe"
                />
</a>,
              "hoverable": true,
              "style": Object {
                "textAlign": "center",
                "width": 140,
              },
            },
            "ref": null,
            "rendered": Object {
              "instance": null,
              "key": undefined,
              "nodeType": "function",
              "props": Object {
                "description": "ACoin",
                "title": "A",
              },
              "ref": null,
              "rendered": null,
              "type": [Function],
            },
            "type": [Function],
          },
          "type": [Function],
        },
      ],
      "type": [Function],
    },
  ],
  Symbol(enzyme.__options__): Object {
    "adapter": ReactSixteenAdapter {
      "options": Object {
        "enableComponentDidUpdateOnSetState": true,
      },
    },
  },
}
`;
