// Jest Snapshot v1, https://goo.gl/fbAQLP

exports[`CurrenciesPagination component matches snapshot 1`] = `
ShallowWrapper {
  "length": 1,
  Symbol(enzyme.__root__): [Circular],
  Symbol(enzyme.__unrendered__): <CurrenciesPagination
    filteredList={
        Array [
            1,
            2,
          ]
    }
    fullList={
        Array [
            1,
            2,
            3,
          ]
    }
    getNextPage={[Function]}
    page={1}
    searchedKey=""
/>,
  Symbol(enzyme.__renderer__): Object {
    "batchedUpdates": [Function],
    "getNode": [Function],
    "render": [Function],
    "simulateEvent": [Function],
    "unmount": [Function],
  },
  Symbol(enzyme.__node__): Object {
    "instance": null,
    "key": undefined,
    "nodeType": "function",
    "props": Object {
      "children": <Pagination
        current={1}
        defaultCurrent={1}
        onChange={[Function]}
        pageSize={32}
        prefixCls="ant-pagination"
        selectPrefixCls="ant-select"
        showTotal={[Function]}
        total={3}
/>,
    },
    "ref": null,
    "rendered": Object {
      "instance": null,
      "key": undefined,
      "nodeType": "class",
      "props": Object {
        "current": 1,
        "defaultCurrent": 1,
        "onChange": [Function],
        "pageSize": 32,
        "prefixCls": "ant-pagination",
        "selectPrefixCls": "ant-select",
        "showTotal": [Function],
        "total": 3,
      },
      "ref": null,
      "rendered": null,
      "type": [Function],
    },
    "type": Symbol(react.fragment),
  },
  Symbol(enzyme.__nodes__): Array [
    Object {
      "instance": null,
      "key": undefined,
      "nodeType": "function",
      "props": Object {
        "children": <Pagination
          current={1}
          defaultCurrent={1}
          onChange={[Function]}
          pageSize={32}
          prefixCls="ant-pagination"
          selectPrefixCls="ant-select"
          showTotal={[Function]}
          total={3}
/>,
      },
      "ref": null,
      "rendered": Object {
        "instance": null,
        "key": undefined,
        "nodeType": "class",
        "props": Object {
          "current": 1,
          "defaultCurrent": 1,
          "onChange": [Function],
          "pageSize": 32,
          "prefixCls": "ant-pagination",
          "selectPrefixCls": "ant-select",
          "showTotal": [Function],
          "total": 3,
        },
        "ref": null,
        "rendered": null,
        "type": [Function],
      },
      "type": Symbol(react.fragment),
    },
  ],
  Symbol(enzyme.__options__): Object {
    "adapter": ReactSixteenAdapter {
      "options": Object {
        "enableComponentDidUpdateOnSetState": true,
      },
    },
  },
}
`;
