// Jest Snapshot v1, https://goo.gl/fbAQLP

exports[`Sidebar component matches snapshot 1`] = `
ShallowWrapper {
  "length": 1,
  Symbol(enzyme.__root__): [Circular],
  Symbol(enzyme.__unrendered__): <Sidebar
    getNextTab={[Function]}
/>,
  Symbol(enzyme.__renderer__): Object {
    "batchedUpdates": [Function],
    "getNode": [Function],
    "render": [Function],
    "simulateEvent": [Function],
    "unmount": [Function],
  },
  Symbol(enzyme.__node__): Object {
    "instance": null,
    "key": undefined,
    "nodeType": "class",
    "props": Object {
      "children": <Menu
        className=""
        defaultSelectedKeys={
                Array [
                        undefined,
                      ]
        }
        focusable={false}
        mode="inline"
        prefixCls="ant-menu"
        theme="dark"
>
        <MenuItem
                onClick={[Function]}
        >
                <Icon
                        type="desktop"
                />
                <span>
                        Crypto List
                </span>
        </MenuItem>
        <MenuItem
                onClick={[Function]}
        >
                <Icon
                        type="area-chart"
                />
                <span>
                        BTC Market
                </span>
        </MenuItem>
        <MenuItem
                onClick={[Function]}
        >
                <Icon
                        type="area-chart"
                />
                <span>
                        ETH Market
                </span>
        </MenuItem>
</Menu>,
      "collapsed": true,
      "collapsedWidth": 80,
      "collapsible": true,
      "defaultCollapsed": false,
      "onCollapse": [Function],
      "prefixCls": "ant-layout-sider",
      "reverseArrow": false,
      "style": Object {},
      "theme": "dark",
      "width": 200,
    },
    "ref": null,
    "rendered": Object {
      "instance": null,
      "key": undefined,
      "nodeType": "class",
      "props": Object {
        "children": Array [
          <MenuItem
            onClick={[Function]}
>
            <Icon
                        type="desktop"
            />
            <span>
                        Crypto List
            </span>
</MenuItem>,
          <MenuItem
            onClick={[Function]}
>
            <Icon
                        type="area-chart"
            />
            <span>
                        BTC Market
            </span>
</MenuItem>,
          <MenuItem
            onClick={[Function]}
>
            <Icon
                        type="area-chart"
            />
            <span>
                        ETH Market
            </span>
</MenuItem>,
        ],
        "className": "",
        "defaultSelectedKeys": Array [
          undefined,
        ],
        "focusable": false,
        "mode": "inline",
        "prefixCls": "ant-menu",
        "theme": "dark",
      },
      "ref": null,
      "rendered": Array [
        Object {
          "instance": null,
          "key": "list",
          "nodeType": "class",
          "props": Object {
            "children": Array [
              <Icon
                type="desktop"
/>,
              <span>
                Crypto List
</span>,
            ],
            "onClick": [Function],
          },
          "ref": null,
          "rendered": Array [
            Object {
              "instance": null,
              "key": undefined,
              "nodeType": "function",
              "props": Object {
                "type": "desktop",
              },
              "ref": null,
              "rendered": null,
              "type": [Function],
            },
            Object {
              "instance": null,
              "key": undefined,
              "nodeType": "host",
              "props": Object {
                "children": "Crypto List",
              },
              "ref": null,
              "rendered": "Crypto List",
              "type": "span",
            },
          ],
          "type": [Function],
        },
        Object {
          "instance": null,
          "key": "marketBTC",
          "nodeType": "class",
          "props": Object {
            "children": Array [
              <Icon
                type="area-chart"
/>,
              <span>
                BTC Market
</span>,
            ],
            "onClick": [Function],
          },
          "ref": null,
          "rendered": Array [
            Object {
              "instance": null,
              "key": undefined,
              "nodeType": "function",
              "props": Object {
                "type": "area-chart",
              },
              "ref": null,
              "rendered": null,
              "type": [Function],
            },
            Object {
              "instance": null,
              "key": undefined,
              "nodeType": "host",
              "props": Object {
                "children": "BTC Market",
              },
              "ref": null,
              "rendered": "BTC Market",
              "type": "span",
            },
          ],
          "type": [Function],
        },
        Object {
          "instance": null,
          "key": "marketETH",
          "nodeType": "class",
          "props": Object {
            "children": Array [
              <Icon
                type="area-chart"
/>,
              <span>
                ETH Market
</span>,
            ],
            "onClick": [Function],
          },
          "ref": null,
          "rendered": Array [
            Object {
              "instance": null,
              "key": undefined,
              "nodeType": "function",
              "props": Object {
                "type": "area-chart",
              },
              "ref": null,
              "rendered": null,
              "type": [Function],
            },
            Object {
              "instance": null,
              "key": undefined,
              "nodeType": "host",
              "props": Object {
                "children": "ETH Market",
              },
              "ref": null,
              "rendered": "ETH Market",
              "type": "span",
            },
          ],
          "type": [Function],
        },
      ],
      "type": [Function],
    },
    "type": [Function],
  },
  Symbol(enzyme.__nodes__): Array [
    Object {
      "instance": null,
      "key": undefined,
      "nodeType": "class",
      "props": Object {
        "children": <Menu
          className=""
          defaultSelectedKeys={
                    Array [
                              undefined,
                            ]
          }
          focusable={false}
          mode="inline"
          prefixCls="ant-menu"
          theme="dark"
>
          <MenuItem
                    onClick={[Function]}
          >
                    <Icon
                              type="desktop"
                    />
                    <span>
                              Crypto List
                    </span>
          </MenuItem>
          <MenuItem
                    onClick={[Function]}
          >
                    <Icon
                              type="area-chart"
                    />
                    <span>
                              BTC Market
                    </span>
          </MenuItem>
          <MenuItem
                    onClick={[Function]}
          >
                    <Icon
                              type="area-chart"
                    />
                    <span>
                              ETH Market
                    </span>
          </MenuItem>
</Menu>,
        "collapsed": true,
        "collapsedWidth": 80,
        "collapsible": true,
        "defaultCollapsed": false,
        "onCollapse": [Function],
        "prefixCls": "ant-layout-sider",
        "reverseArrow": false,
        "style": Object {},
        "theme": "dark",
        "width": 200,
      },
      "ref": null,
      "rendered": Object {
        "instance": null,
        "key": undefined,
        "nodeType": "class",
        "props": Object {
          "children": Array [
            <MenuItem
              onClick={[Function]}
>
              <Icon
                            type="desktop"
              />
              <span>
                            Crypto List
              </span>
</MenuItem>,
            <MenuItem
              onClick={[Function]}
>
              <Icon
                            type="area-chart"
              />
              <span>
                            BTC Market
              </span>
</MenuItem>,
            <MenuItem
              onClick={[Function]}
>
              <Icon
                            type="area-chart"
              />
              <span>
                            ETH Market
              </span>
</MenuItem>,
          ],
          "className": "",
          "defaultSelectedKeys": Array [
            undefined,
          ],
          "focusable": false,
          "mode": "inline",
          "prefixCls": "ant-menu",
          "theme": "dark",
        },
        "ref": null,
        "rendered": Array [
          Object {
            "instance": null,
            "key": "list",
            "nodeType": "class",
            "props": Object {
              "children": Array [
                <Icon
                  type="desktop"
/>,
                <span>
                  Crypto List
</span>,
              ],
              "onClick": [Function],
            },
            "ref": null,
            "rendered": Array [
              Object {
                "instance": null,
                "key": undefined,
                "nodeType": "function",
                "props": Object {
                  "type": "desktop",
                },
                "ref": null,
                "rendered": null,
                "type": [Function],
              },
              Object {
                "instance": null,
                "key": undefined,
                "nodeType": "host",
                "props": Object {
                  "children": "Crypto List",
                },
                "ref": null,
                "rendered": "Crypto List",
                "type": "span",
              },
            ],
            "type": [Function],
          },
          Object {
            "instance": null,
            "key": "marketBTC",
            "nodeType": "class",
            "props": Object {
              "children": Array [
                <Icon
                  type="area-chart"
/>,
                <span>
                  BTC Market
</span>,
              ],
              "onClick": [Function],
            },
            "ref": null,
            "rendered": Array [
              Object {
                "instance": null,
                "key": undefined,
                "nodeType": "function",
                "props": Object {
                  "type": "area-chart",
                },
                "ref": null,
                "rendered": null,
                "type": [Function],
              },
              Object {
                "instance": null,
                "key": undefined,
                "nodeType": "host",
                "props": Object {
                  "children": "BTC Market",
                },
                "ref": null,
                "rendered": "BTC Market",
                "type": "span",
              },
            ],
            "type": [Function],
          },
          Object {
            "instance": null,
            "key": "marketETH",
            "nodeType": "class",
            "props": Object {
              "children": Array [
                <Icon
                  type="area-chart"
/>,
                <span>
                  ETH Market
</span>,
              ],
              "onClick": [Function],
            },
            "ref": null,
            "rendered": Array [
              Object {
                "instance": null,
                "key": undefined,
                "nodeType": "function",
                "props": Object {
                  "type": "area-chart",
                },
                "ref": null,
                "rendered": null,
                "type": [Function],
              },
              Object {
                "instance": null,
                "key": undefined,
                "nodeType": "host",
                "props": Object {
                  "children": "ETH Market",
                },
                "ref": null,
                "rendered": "ETH Market",
                "type": "span",
              },
            ],
            "type": [Function],
          },
        ],
        "type": [Function],
      },
      "type": [Function],
    },
  ],
  Symbol(enzyme.__options__): Object {
    "adapter": ReactSixteenAdapter {
      "options": Object {
        "enableComponentDidUpdateOnSetState": true,
      },
    },
  },
}
`;
