// Jest Snapshot v1, https://goo.gl/fbAQLP

exports[`ButtonGroup component matches snapshot 1`] = `
ShallowWrapper {
  "length": 1,
  Symbol(enzyme.__root__): [Circular],
  Symbol(enzyme.__unrendered__): <Unknown />,
  Symbol(enzyme.__renderer__): Object {
    "batchedUpdates": [Function],
    "getNode": [Function],
    "render": [Function],
    "simulateEvent": [Function],
    "unmount": [Function],
  },
  Symbol(enzyme.__node__): Object {
    "instance": null,
    "key": undefined,
    "nodeType": "host",
    "props": Object {
      "children": Array [
        <Button
          disabled={undefined}
          ghost={false}
          loading={false}
          onClick={undefined}
          prefixCls="ant-btn"
          size="large"
          style={
                    Object {
                              "height": "40px",
                              "marginRight": "20px",
                              "width": "120px",
                            }
          }
          type="primary"
>
          Start
</Button>,
        <Button
          disabled={true}
          ghost={false}
          loading={false}
          onClick={undefined}
          prefixCls="ant-btn"
          size="large"
          style={
                    Object {
                              "height": "40px",
                              "width": "120px",
                            }
          }
          type="danger"
>
          Stop
</Button>,
      ],
      "className": "cc-socket-wrapper",
    },
    "ref": null,
    "rendered": Array [
      Object {
        "instance": null,
        "key": undefined,
        "nodeType": "class",
        "props": Object {
          "children": "Start",
          "disabled": undefined,
          "ghost": false,
          "loading": false,
          "onClick": undefined,
          "prefixCls": "ant-btn",
          "size": "large",
          "style": Object {
            "height": "40px",
            "marginRight": "20px",
            "width": "120px",
          },
          "type": "primary",
        },
        "ref": null,
        "rendered": "Start",
        "type": [Function],
      },
      Object {
        "instance": null,
        "key": undefined,
        "nodeType": "class",
        "props": Object {
          "children": "Stop",
          "disabled": true,
          "ghost": false,
          "loading": false,
          "onClick": undefined,
          "prefixCls": "ant-btn",
          "size": "large",
          "style": Object {
            "height": "40px",
            "width": "120px",
          },
          "type": "danger",
        },
        "ref": null,
        "rendered": "Stop",
        "type": [Function],
      },
    ],
    "type": "div",
  },
  Symbol(enzyme.__nodes__): Array [
    Object {
      "instance": null,
      "key": undefined,
      "nodeType": "host",
      "props": Object {
        "children": Array [
          <Button
            disabled={undefined}
            ghost={false}
            loading={false}
            onClick={undefined}
            prefixCls="ant-btn"
            size="large"
            style={
                        Object {
                                    "height": "40px",
                                    "marginRight": "20px",
                                    "width": "120px",
                                  }
            }
            type="primary"
>
            Start
</Button>,
          <Button
            disabled={true}
            ghost={false}
            loading={false}
            onClick={undefined}
            prefixCls="ant-btn"
            size="large"
            style={
                        Object {
                                    "height": "40px",
                                    "width": "120px",
                                  }
            }
            type="danger"
>
            Stop
</Button>,
        ],
        "className": "cc-socket-wrapper",
      },
      "ref": null,
      "rendered": Array [
        Object {
          "instance": null,
          "key": undefined,
          "nodeType": "class",
          "props": Object {
            "children": "Start",
            "disabled": undefined,
            "ghost": false,
            "loading": false,
            "onClick": undefined,
            "prefixCls": "ant-btn",
            "size": "large",
            "style": Object {
              "height": "40px",
              "marginRight": "20px",
              "width": "120px",
            },
            "type": "primary",
          },
          "ref": null,
          "rendered": "Start",
          "type": [Function],
        },
        Object {
          "instance": null,
          "key": undefined,
          "nodeType": "class",
          "props": Object {
            "children": "Stop",
            "disabled": true,
            "ghost": false,
            "loading": false,
            "onClick": undefined,
            "prefixCls": "ant-btn",
            "size": "large",
            "style": Object {
              "height": "40px",
              "width": "120px",
            },
            "type": "danger",
          },
          "ref": null,
          "rendered": "Stop",
          "type": [Function],
        },
      ],
      "type": "div",
    },
  ],
  Symbol(enzyme.__options__): Object {
    "adapter": ReactSixteenAdapter {
      "options": Object {
        "enableComponentDidUpdateOnSetState": true,
      },
    },
  },
}
`;
