// Jest Snapshot v1, https://goo.gl/fbAQLP

exports[`ErrorMessage component matches snapshot 1`] = `
ShallowWrapper {
  "length": 1,
  Symbol(enzyme.__root__): [Circular],
  Symbol(enzyme.__unrendered__): <Unknown />,
  Symbol(enzyme.__renderer__): Object {
    "batchedUpdates": [Function],
    "getNode": [Function],
    "render": [Function],
    "simulateEvent": [Function],
    "unmount": [Function],
  },
  Symbol(enzyme.__node__): Object {
    "instance": null,
    "key": undefined,
    "nodeType": "class",
    "props": Object {
      "align": "middle",
      "children": <Col
        span={12}
>
        <h3
                style={
                        Object {
                                "textAlign": "center",
                              }
                }
        >
                Oups! Error occurs, please try again later.
        </h3>
</Col>,
      "gutter": 0,
      "justify": "center",
      "type": "flex",
    },
    "ref": null,
    "rendered": Object {
      "instance": null,
      "key": undefined,
      "nodeType": "class",
      "props": Object {
        "children": <h3
          style={
                    Object {
                              "textAlign": "center",
                            }
          }
>
          Oups! Error occurs, please try again later.
</h3>,
        "span": 12,
      },
      "ref": null,
      "rendered": Object {
        "instance": null,
        "key": undefined,
        "nodeType": "host",
        "props": Object {
          "children": "Oups! Error occurs, please try again later.",
          "style": Object {
            "textAlign": "center",
          },
        },
        "ref": null,
        "rendered": "Oups! Error occurs, please try again later.",
        "type": "h3",
      },
      "type": [Function],
    },
    "type": [Function],
  },
  Symbol(enzyme.__nodes__): Array [
    Object {
      "instance": null,
      "key": undefined,
      "nodeType": "class",
      "props": Object {
        "align": "middle",
        "children": <Col
          span={12}
>
          <h3
                    style={
                              Object {
                                        "textAlign": "center",
                                      }
                    }
          >
                    Oups! Error occurs, please try again later.
          </h3>
</Col>,
        "gutter": 0,
        "justify": "center",
        "type": "flex",
      },
      "ref": null,
      "rendered": Object {
        "instance": null,
        "key": undefined,
        "nodeType": "class",
        "props": Object {
          "children": <h3
            style={
                        Object {
                                    "textAlign": "center",
                                  }
            }
>
            Oups! Error occurs, please try again later.
</h3>,
          "span": 12,
        },
        "ref": null,
        "rendered": Object {
          "instance": null,
          "key": undefined,
          "nodeType": "host",
          "props": Object {
            "children": "Oups! Error occurs, please try again later.",
            "style": Object {
              "textAlign": "center",
            },
          },
          "ref": null,
          "rendered": "Oups! Error occurs, please try again later.",
          "type": "h3",
        },
        "type": [Function],
      },
      "type": [Function],
    },
  ],
  Symbol(enzyme.__options__): Object {
    "adapter": ReactSixteenAdapter {
      "options": Object {
        "enableComponentDidUpdateOnSetState": true,
      },
    },
  },
}
`;
